2025-12-18 10:24:37.071 [main] ERROR o.anthony.library.util.LibraryLogger - An error occured
java.lang.ExceptionInInitializerError: null
	at org.anthony.library.Application.main(Application.java:29)
Caused by: java.lang.RuntimeException: Failed to connect to database
	at org.anthony.library.repository.ConnectionManager.<clinit>(ConnectionManager.java:40)
	... 1 common frames omitted
2025-12-18 10:25:40.717 [main] ERROR o.anthony.library.util.LibraryLogger - An error occured
java.util.NoSuchElementException: No value present
	at java.base/java.util.Optional.get(Optional.java:143)
	at org.anthony.library.Menu$MenuEntry.HandleRequest(Menu.java:146)
	at org.anthony.library.Menu.PromptMenu(Menu.java:378)
	at org.anthony.library.Application.main(Application.java:51)
2025-12-18 10:26:30.008 [main] ERROR o.anthony.library.util.LibraryLogger - An error occured
java.util.NoSuchElementException: No value present
	at java.base/java.util.Optional.get(Optional.java:143)
	at org.anthony.library.Menu$MenuEntry.HandleRequest(Menu.java:146)
	at org.anthony.library.Menu.PromptMenu(Menu.java:378)
	at org.anthony.library.Application.main(Application.java:51)
2025-12-18 10:34:44.134 [main] ERROR o.anthony.library.util.LibraryLogger - An error occured
org.postgresql.util.PSQLException: ERROR: relation "borrow" does not exist
  Position: 13
	at org.postgresql.core.v3.QueryExecutorImpl.receiveErrorResponse(QueryExecutorImpl.java:2736)
	at org.postgresql.core.v3.QueryExecutorImpl.processResults(QueryExecutorImpl.java:2421)
	at org.postgresql.core.v3.QueryExecutorImpl.execute(QueryExecutorImpl.java:372)
	at org.postgresql.jdbc.PgStatement.executeInternal(PgStatement.java:525)
	at org.postgresql.jdbc.PgStatement.execute(PgStatement.java:435)
	at org.postgresql.jdbc.PgPreparedStatement.executeWithFlags(PgPreparedStatement.java:196)
	at org.postgresql.jdbc.PgPreparedStatement.executeUpdate(PgPreparedStatement.java:157)
	at org.anthony.library.repository.dao.BorrowDao.deleteById(BorrowDao.java:163)
	at org.anthony.library.service_layer.service.BorrowService.RemoveBorrow(BorrowService.java:67)
	at org.anthony.library.BookController.ReturnBook(BookController.java:80)
	at org.anthony.library.Menu.PromptReturnBook(Menu.java:299)
	at org.anthony.library.Menu$MenuEntry.HandleRequest(Menu.java:149)
	at org.anthony.library.Menu.PromptMenu(Menu.java:379)
	at org.anthony.library.Application.main(Application.java:51)
2025-12-18 10:35:28.632 [main] INFO  o.anthony.library.util.LibraryLogger - Deleted borrow %d
