2025-12-16 18:39:02.397 [main] ERROR o.anthony.library.util.LibraryLogger - Problem with options.json
2025-12-16 18:39:02.405 [main] ERROR o.anthony.library.util.LibraryLogger - An error occured
com.fasterxml.jackson.databind.exc.UnrecognizedPropertyException: Unrecognized field "menu_book" (class org.anthony.library.MenuTree), not marked as ignorable (2 known properties: "menu_login", "menu"])
 at [Source: REDACTED (`StreamReadFeature.INCLUDE_SOURCE_IN_LOCATION` disabled); line: 61, column: 6] (through reference chain: org.anthony.library.MenuTree["menu_book"])
	at com.fasterxml.jackson.databind.exc.UnrecognizedPropertyException.from(UnrecognizedPropertyException.java:61)
	at com.fasterxml.jackson.databind.DeserializationContext.handleUnknownProperty(DeserializationContext.java:1208)
	at com.fasterxml.jackson.databind.deser.std.StdDeserializer.handleUnknownProperty(StdDeserializer.java:2380)
	at com.fasterxml.jackson.databind.deser.BeanDeserializerBase.handleUnknownProperty(BeanDeserializerBase.java:1823)
	at com.fasterxml.jackson.databind.deser.BeanDeserializerBase.handleUnknownVanilla(BeanDeserializerBase.java:1801)
	at com.fasterxml.jackson.databind.deser.BeanDeserializer.vanillaDeserialize(BeanDeserializer.java:308)
	at com.fasterxml.jackson.databind.deser.BeanDeserializer.deserialize(BeanDeserializer.java:169)
	at com.fasterxml.jackson.databind.deser.DefaultDeserializationContext.readRootValue(DefaultDeserializationContext.java:342)
	at com.fasterxml.jackson.databind.ObjectMapper._readMapAndClose(ObjectMapper.java:5038)
	at com.fasterxml.jackson.databind.ObjectMapper.readValue(ObjectMapper.java:3805)
	at org.anthony.library.Application.main(Application.java:42)
2025-12-16 18:40:09.747 [main] ERROR o.anthony.library.util.LibraryLogger - Problem with options.json
2025-12-16 18:40:09.749 [main] ERROR o.anthony.library.util.LibraryLogger - An error occured
com.fasterxml.jackson.databind.exc.UnrecognizedPropertyException: Unrecognized field "menu_book" (class org.anthony.library.MenuTree), not marked as ignorable (2 known properties: "menu_login", "menu"])
 at [Source: REDACTED (`StreamReadFeature.INCLUDE_SOURCE_IN_LOCATION` disabled); line: 61, column: 6] (through reference chain: org.anthony.library.MenuTree["menu_book"])
	at com.fasterxml.jackson.databind.exc.UnrecognizedPropertyException.from(UnrecognizedPropertyException.java:61)
	at com.fasterxml.jackson.databind.DeserializationContext.handleUnknownProperty(DeserializationContext.java:1208)
	at com.fasterxml.jackson.databind.deser.std.StdDeserializer.handleUnknownProperty(StdDeserializer.java:2380)
	at com.fasterxml.jackson.databind.deser.BeanDeserializerBase.handleUnknownProperty(BeanDeserializerBase.java:1823)
	at com.fasterxml.jackson.databind.deser.BeanDeserializerBase.handleUnknownVanilla(BeanDeserializerBase.java:1801)
	at com.fasterxml.jackson.databind.deser.BeanDeserializer.vanillaDeserialize(BeanDeserializer.java:308)
	at com.fasterxml.jackson.databind.deser.BeanDeserializer.deserialize(BeanDeserializer.java:169)
	at com.fasterxml.jackson.databind.deser.DefaultDeserializationContext.readRootValue(DefaultDeserializationContext.java:342)
	at com.fasterxml.jackson.databind.ObjectMapper._readMapAndClose(ObjectMapper.java:5038)
	at com.fasterxml.jackson.databind.ObjectMapper.readValue(ObjectMapper.java:3805)
	at org.anthony.library.Application.main(Application.java:42)
2025-12-16 18:40:41.113 [main] ERROR o.anthony.library.util.LibraryLogger - Problem with options.json
2025-12-16 18:40:41.115 [main] ERROR o.anthony.library.util.LibraryLogger - An error occured
com.fasterxml.jackson.databind.exc.UnrecognizedPropertyException: Unrecognized field "menu_book" (class org.anthony.library.MenuTree), not marked as ignorable (2 known properties: "menu_login", "menu"])
 at [Source: REDACTED (`StreamReadFeature.INCLUDE_SOURCE_IN_LOCATION` disabled); line: 61, column: 6] (through reference chain: org.anthony.library.MenuTree["menu_book"])
	at com.fasterxml.jackson.databind.exc.UnrecognizedPropertyException.from(UnrecognizedPropertyException.java:61)
	at com.fasterxml.jackson.databind.DeserializationContext.handleUnknownProperty(DeserializationContext.java:1208)
	at com.fasterxml.jackson.databind.deser.std.StdDeserializer.handleUnknownProperty(StdDeserializer.java:2380)
	at com.fasterxml.jackson.databind.deser.BeanDeserializerBase.handleUnknownProperty(BeanDeserializerBase.java:1823)
	at com.fasterxml.jackson.databind.deser.BeanDeserializerBase.handleUnknownVanilla(BeanDeserializerBase.java:1801)
	at com.fasterxml.jackson.databind.deser.BeanDeserializer.vanillaDeserialize(BeanDeserializer.java:308)
	at com.fasterxml.jackson.databind.deser.BeanDeserializer.deserialize(BeanDeserializer.java:169)
	at com.fasterxml.jackson.databind.deser.DefaultDeserializationContext.readRootValue(DefaultDeserializationContext.java:342)
	at com.fasterxml.jackson.databind.ObjectMapper._readMapAndClose(ObjectMapper.java:5038)
	at com.fasterxml.jackson.databind.ObjectMapper.readValue(ObjectMapper.java:3805)
	at org.anthony.library.Application.main(Application.java:42)
2025-12-16 18:41:53.140 [main] ERROR o.anthony.library.util.LibraryLogger - Problem with options.json
2025-12-16 18:41:53.144 [main] ERROR o.anthony.library.util.LibraryLogger - An error occured
com.fasterxml.jackson.databind.exc.UnrecognizedPropertyException: Unrecognized field "menu_book" (class org.anthony.library.MenuTree), not marked as ignorable (2 known properties: "menu_login", "menu"])
 at [Source: REDACTED (`StreamReadFeature.INCLUDE_SOURCE_IN_LOCATION` disabled); line: 61, column: 6] (through reference chain: org.anthony.library.MenuTree["menu_book"])
	at com.fasterxml.jackson.databind.exc.UnrecognizedPropertyException.from(UnrecognizedPropertyException.java:61)
	at com.fasterxml.jackson.databind.DeserializationContext.handleUnknownProperty(DeserializationContext.java:1208)
	at com.fasterxml.jackson.databind.deser.std.StdDeserializer.handleUnknownProperty(StdDeserializer.java:2380)
	at com.fasterxml.jackson.databind.deser.BeanDeserializerBase.handleUnknownProperty(BeanDeserializerBase.java:1823)
	at com.fasterxml.jackson.databind.deser.BeanDeserializerBase.handleUnknownVanilla(BeanDeserializerBase.java:1801)
	at com.fasterxml.jackson.databind.deser.BeanDeserializer.vanillaDeserialize(BeanDeserializer.java:308)
	at com.fasterxml.jackson.databind.deser.BeanDeserializer.deserialize(BeanDeserializer.java:169)
	at com.fasterxml.jackson.databind.deser.DefaultDeserializationContext.readRootValue(DefaultDeserializationContext.java:342)
	at com.fasterxml.jackson.databind.ObjectMapper._readMapAndClose(ObjectMapper.java:5038)
	at com.fasterxml.jackson.databind.ObjectMapper.readValue(ObjectMapper.java:3805)
	at org.anthony.library.Application.main(Application.java:42)
2025-12-16 18:48:30.187 [main] ERROR o.anthony.library.util.LibraryLogger - An error occured
java.lang.NumberFormatException: For input string: "{ISBN}"
	at java.base/java.lang.NumberFormatException.forInputString(NumberFormatException.java:67)
	at java.base/java.lang.Integer.parseInt(Integer.java:668)
	at java.base/java.lang.Integer.parseInt(Integer.java:786)
	at org.anthony.library.Menu.ContentRequest(Menu.java:179)
	at org.anthony.library.Menu$MenuEntry.RetrieveMenu(Menu.java:51)
	at org.anthony.library.Menu$AccMenuEntry.RetrieveMenu(Menu.java:95)
	at org.anthony.library.Menu.PromptMenu(Menu.java:257)
	at org.anthony.library.Application.main(Application.java:51)
2025-12-16 18:48:30.190 [main] ERROR o.anthony.library.util.LibraryLogger - An error occured
java.lang.NumberFormatException: For input string: "{ISBN}"
	at java.base/java.lang.NumberFormatException.forInputString(NumberFormatException.java:67)
	at java.base/java.lang.Integer.parseInt(Integer.java:668)
	at java.base/java.lang.Integer.parseInt(Integer.java:786)
	at org.anthony.library.Menu.ContentRequest(Menu.java:179)
	at org.anthony.library.Menu$MenuEntry.RetrieveMenu(Menu.java:51)
	at org.anthony.library.Menu$AccMenuEntry.RetrieveMenu(Menu.java:95)
	at org.anthony.library.Menu$AccMenuEntry.PrintMenu(Menu.java:108)
	at org.anthony.library.Menu.PromptMenu(Menu.java:259)
	at org.anthony.library.Application.main(Application.java:51)
2025-12-16 18:48:56.870 [main] ERROR o.anthony.library.util.LibraryLogger - An error occured
java.lang.NumberFormatException: For input string: "{ISBN}"
	at java.base/java.lang.NumberFormatException.forInputString(NumberFormatException.java:67)
	at java.base/java.lang.Integer.parseInt(Integer.java:668)
	at java.base/java.lang.Integer.parseInt(Integer.java:786)
	at org.anthony.library.Menu.ContentRequest(Menu.java:180)
	at org.anthony.library.Menu$MenuEntry.RetrieveMenu(Menu.java:51)
	at org.anthony.library.Menu$AccMenuEntry.RetrieveMenu(Menu.java:95)
	at org.anthony.library.Menu.PromptMenu(Menu.java:258)
	at org.anthony.library.Application.main(Application.java:51)
2025-12-16 18:48:56.873 [main] ERROR o.anthony.library.util.LibraryLogger - An error occured
java.lang.NumberFormatException: For input string: "{ISBN}"
	at java.base/java.lang.NumberFormatException.forInputString(NumberFormatException.java:67)
	at java.base/java.lang.Integer.parseInt(Integer.java:668)
	at java.base/java.lang.Integer.parseInt(Integer.java:786)
	at org.anthony.library.Menu.ContentRequest(Menu.java:180)
	at org.anthony.library.Menu$MenuEntry.RetrieveMenu(Menu.java:51)
	at org.anthony.library.Menu$AccMenuEntry.RetrieveMenu(Menu.java:95)
	at org.anthony.library.Menu$AccMenuEntry.PrintMenu(Menu.java:108)
	at org.anthony.library.Menu.PromptMenu(Menu.java:260)
	at org.anthony.library.Application.main(Application.java:51)
2025-12-16 18:49:56.213 [main] ERROR o.anthony.library.util.LibraryLogger - An error occured
java.util.NoSuchElementException: No value present
	at java.base/java.util.Optional.get(Optional.java:143)
	at org.anthony.library.service_layer.service.BookService.ObtainBookByIsbn(BookService.java:116)
	at org.anthony.library.service_layer.service.BorrowService.GetBorrowsForMember(BorrowService.java:35)
	at org.anthony.library.Menu.ContentRequest(Menu.java:181)
	at org.anthony.library.Menu$MenuEntry.RetrieveMenu(Menu.java:51)
	at org.anthony.library.Menu$AccMenuEntry.RetrieveMenu(Menu.java:95)
	at org.anthony.library.Menu.PromptMenu(Menu.java:258)
	at org.anthony.library.Application.main(Application.java:51)
2025-12-16 18:49:56.218 [main] ERROR o.anthony.library.util.LibraryLogger - An error occured
java.util.NoSuchElementException: No value present
	at java.base/java.util.Optional.get(Optional.java:143)
	at org.anthony.library.service_layer.service.BookService.ObtainBookByIsbn(BookService.java:116)
	at org.anthony.library.service_layer.service.BorrowService.GetBorrowsForMember(BorrowService.java:35)
	at org.anthony.library.Menu.ContentRequest(Menu.java:181)
	at org.anthony.library.Menu$MenuEntry.RetrieveMenu(Menu.java:51)
	at org.anthony.library.Menu$AccMenuEntry.RetrieveMenu(Menu.java:95)
	at org.anthony.library.Menu$AccMenuEntry.PrintMenu(Menu.java:108)
	at org.anthony.library.Menu.PromptMenu(Menu.java:260)
	at org.anthony.library.Application.main(Application.java:51)
2025-12-16 18:50:33.540 [main] ERROR o.anthony.library.util.LibraryLogger - An error occured
java.util.NoSuchElementException: No value present
	at java.base/java.util.Optional.get(Optional.java:143)
	at org.anthony.library.service_layer.service.BookService.ObtainBookByIsbn(BookService.java:116)
	at org.anthony.library.service_layer.service.BorrowService.GetBorrowsForMember(BorrowService.java:35)
	at org.anthony.library.Menu.ContentRequest(Menu.java:181)
	at org.anthony.library.Menu$MenuEntry.RetrieveMenu(Menu.java:51)
	at org.anthony.library.Menu$AccMenuEntry.RetrieveMenu(Menu.java:95)
	at org.anthony.library.Menu.PromptMenu(Menu.java:258)
	at org.anthony.library.Application.main(Application.java:51)
2025-12-16 18:50:33.548 [main] ERROR o.anthony.library.util.LibraryLogger - An error occured
java.util.NoSuchElementException: No value present
	at java.base/java.util.Optional.get(Optional.java:143)
	at org.anthony.library.service_layer.service.BookService.ObtainBookByIsbn(BookService.java:116)
	at org.anthony.library.service_layer.service.BorrowService.GetBorrowsForMember(BorrowService.java:35)
	at org.anthony.library.Menu.ContentRequest(Menu.java:181)
	at org.anthony.library.Menu$MenuEntry.RetrieveMenu(Menu.java:51)
	at org.anthony.library.Menu$AccMenuEntry.RetrieveMenu(Menu.java:95)
	at org.anthony.library.Menu$AccMenuEntry.PrintMenu(Menu.java:108)
	at org.anthony.library.Menu.PromptMenu(Menu.java:260)
	at org.anthony.library.Application.main(Application.java:51)
2025-12-16 18:52:10.877 [main] ERROR o.anthony.library.util.LibraryLogger - An error occured
java.util.NoSuchElementException: No value present
	at java.base/java.util.Optional.get(Optional.java:143)
	at org.anthony.library.service_layer.service.BookService.ObtainBookByIsbn(BookService.java:116)
	at org.anthony.library.service_layer.service.BorrowService.GetBorrowsForMember(BorrowService.java:35)
	at org.anthony.library.Menu.ContentRequest(Menu.java:181)
	at org.anthony.library.Menu$MenuEntry.RetrieveMenu(Menu.java:51)
	at org.anthony.library.Menu$AccMenuEntry.RetrieveMenu(Menu.java:95)
	at org.anthony.library.Menu.PromptMenu(Menu.java:258)
	at org.anthony.library.Application.main(Application.java:51)
2025-12-16 18:56:52.717 [main] ERROR o.anthony.library.util.LibraryLogger - An error occured
java.util.NoSuchElementException: No value present
	at java.base/java.util.Optional.get(Optional.java:143)
	at org.anthony.library.service_layer.service.BookService.ObtainBookByIsbn(BookService.java:116)
	at org.anthony.library.service_layer.service.BorrowService.GetBorrowsForMember(BorrowService.java:35)
	at org.anthony.library.Menu.ContentRequest(Menu.java:181)
	at org.anthony.library.Menu$MenuEntry.RetrieveMenu(Menu.java:51)
	at org.anthony.library.Menu$AccMenuEntry.RetrieveMenu(Menu.java:95)
	at org.anthony.library.Menu.PromptMenu(Menu.java:258)
	at org.anthony.library.Application.main(Application.java:51)
2025-12-16 18:57:26.265 [main] ERROR o.anthony.library.util.LibraryLogger - An error occured
java.util.NoSuchElementException: No value present
	at java.base/java.util.Optional.get(Optional.java:143)
	at org.anthony.library.service_layer.service.BookService.ObtainBookByIsbn(BookService.java:116)
	at org.anthony.library.service_layer.service.BorrowService.GetBorrowsForMember(BorrowService.java:35)
	at org.anthony.library.Menu.ContentRequest(Menu.java:181)
	at org.anthony.library.Menu$MenuEntry.RetrieveMenu(Menu.java:51)
	at org.anthony.library.Menu$AccMenuEntry.RetrieveMenu(Menu.java:95)
	at org.anthony.library.Menu$AccMenuEntry.PrintMenu(Menu.java:108)
	at org.anthony.library.Menu.PromptMenu(Menu.java:260)
	at org.anthony.library.Application.main(Application.java:51)
