2025-12-17 15:13:43.781 [main] ERROR o.anthony.library.util.LibraryLogger - An error occured
java.util.NoSuchElementException: No value present
	at java.base/java.util.Optional.get(Optional.java:143)
	at org.anthony.library.Menu.HandleRequest(Menu.java:251)
	at org.anthony.library.Menu.PromptMenu(Menu.java:327)
	at org.anthony.library.Application.main(Application.java:51)
2025-12-17 15:18:35.466 [main] ERROR o.anthony.library.util.LibraryLogger - An error occured
java.lang.ClassCastException: class org.anthony.library.Menu$MenuEntry cannot be cast to class org.anthony.library.Menu$AccMenuEntry (org.anthony.library.Menu$MenuEntry and org.anthony.library.Menu$AccMenuEntry are in unnamed module of loader 'app')
	at org.anthony.library.Menu$MenuEntry.HandleRequest(Menu.java:124)
	at org.anthony.library.Menu.PromptMenu(Menu.java:332)
	at org.anthony.library.Application.main(Application.java:51)
2025-12-17 15:18:39.603 [main] ERROR o.anthony.library.util.LibraryLogger - An error occured
java.lang.NullPointerException: Cannot invoke "org.anthony.library.service_layer.service.MemberService.GetMemberById(int)" because "this.memberService" is null
	at org.anthony.library.BookController.BorrowBook(BookController.java:37)
	at org.anthony.library.Menu.PromptBook(Menu.java:279)
	at org.anthony.library.Menu$MenuEntry.HandleRequest(Menu.java:129)
	at org.anthony.library.Menu.PromptMenu(Menu.java:332)
	at org.anthony.library.Application.main(Application.java:51)
2025-12-17 15:20:27.826 [main] ERROR o.anthony.library.util.LibraryLogger - An error occured
java.lang.ClassCastException: class org.anthony.library.Menu$MenuEntry cannot be cast to class org.anthony.library.Menu$AccMenuEntry (org.anthony.library.Menu$MenuEntry and org.anthony.library.Menu$AccMenuEntry are in unnamed module of loader 'app')
	at org.anthony.library.Menu$MenuEntry.HandleRequest(Menu.java:124)
	at org.anthony.library.Menu.PromptMenu(Menu.java:332)
	at org.anthony.library.Application.main(Application.java:51)
2025-12-17 15:20:31.035 [main] ERROR o.anthony.library.util.LibraryLogger - An error occured
java.util.NoSuchElementException: No value present
	at java.base/java.util.Optional.get(Optional.java:143)
	at org.anthony.library.service_layer.service.BookService.ObtainBookById(BookService.java:120)
	at org.anthony.library.BookController.BorrowBook(BookController.java:42)
	at org.anthony.library.Menu.PromptBook(Menu.java:279)
	at org.anthony.library.Menu$MenuEntry.HandleRequest(Menu.java:129)
	at org.anthony.library.Menu.PromptMenu(Menu.java:332)
	at org.anthony.library.Application.main(Application.java:51)
2025-12-17 15:23:57.252 [main] ERROR o.anthony.library.util.LibraryLogger - An error occured
java.lang.ClassCastException: class org.anthony.library.Menu$MenuEntry cannot be cast to class org.anthony.library.Menu$AccMenuEntry (org.anthony.library.Menu$MenuEntry and org.anthony.library.Menu$AccMenuEntry are in unnamed module of loader 'app')
	at org.anthony.library.Menu$MenuEntry.HandleRequest(Menu.java:124)
	at org.anthony.library.Menu.PromptMenu(Menu.java:332)
	at org.anthony.library.Application.main(Application.java:51)
2025-12-17 15:24:59.126 [main] ERROR o.anthony.library.util.LibraryLogger - An error occured
java.lang.ClassCastException: class org.anthony.library.Menu$MenuEntry cannot be cast to class org.anthony.library.Menu$AccMenuEntry (org.anthony.library.Menu$MenuEntry and org.anthony.library.Menu$AccMenuEntry are in unnamed module of loader 'app')
	at org.anthony.library.Menu$MenuEntry.HandleRequest(Menu.java:124)
	at org.anthony.library.Menu.PromptMenu(Menu.java:332)
	at org.anthony.library.Application.main(Application.java:51)
2025-12-17 15:25:46.383 [main] ERROR o.anthony.library.util.LibraryLogger - An error occured
java.lang.ClassCastException: class org.anthony.library.Menu$MenuEntry cannot be cast to class org.anthony.library.Menu$AccMenuEntry (org.anthony.library.Menu$MenuEntry and org.anthony.library.Menu$AccMenuEntry are in unnamed module of loader 'app')
	at org.anthony.library.Menu$MenuEntry.HandleRequest(Menu.java:124)
	at org.anthony.library.Menu.PromptMenu(Menu.java:332)
	at org.anthony.library.Application.main(Application.java:51)
2025-12-17 15:27:10.699 [main] ERROR o.anthony.library.util.LibraryLogger - An error occured
java.lang.ClassCastException: class org.anthony.library.Menu$MenuEntry cannot be cast to class org.anthony.library.Menu$AccMenuEntry (org.anthony.library.Menu$MenuEntry and org.anthony.library.Menu$AccMenuEntry are in unnamed module of loader 'app')
	at org.anthony.library.Menu$MenuEntry.HandleRequest(Menu.java:124)
	at org.anthony.library.Menu.PromptMenu(Menu.java:332)
	at org.anthony.library.Application.main(Application.java:51)
2025-12-17 15:39:17.302 [main] ERROR o.anthony.library.util.LibraryLogger - An error occured
java.lang.ClassCastException: class org.anthony.library.Menu$MenuEntry cannot be cast to class org.anthony.library.Menu$AccMenuEntry (org.anthony.library.Menu$MenuEntry and org.anthony.library.Menu$AccMenuEntry are in unnamed module of loader 'app')
	at org.anthony.library.Menu$MenuEntry.HandleRequest(Menu.java:125)
	at org.anthony.library.Menu.PromptMenu(Menu.java:333)
	at org.anthony.library.Application.main(Application.java:51)
2025-12-17 15:42:44.035 [main] ERROR o.anthony.library.util.LibraryLogger - An error occured
org.postgresql.util.PSQLException: ERROR: syntax error at or near "="
  Position: 36
	at org.postgresql.core.v3.QueryExecutorImpl.receiveErrorResponse(QueryExecutorImpl.java:2736)
	at org.postgresql.core.v3.QueryExecutorImpl.processResults(QueryExecutorImpl.java:2421)
	at org.postgresql.core.v3.QueryExecutorImpl.execute(QueryExecutorImpl.java:372)
	at org.postgresql.jdbc.PgStatement.executeInternal(PgStatement.java:525)
	at org.postgresql.jdbc.PgStatement.execute(PgStatement.java:435)
	at org.postgresql.jdbc.PgPreparedStatement.executeWithFlags(PgPreparedStatement.java:196)
	at org.postgresql.jdbc.PgPreparedStatement.executeQuery(PgPreparedStatement.java:139)
	at org.anthony.library.repository.dao.BookDao.ObtainUnborrowedBookByIsbn(BookDao.java:91)
	at org.anthony.library.service_layer.service.BookService.ObtainBookByIsbn(BookService.java:140)
	at org.anthony.library.BookController.RetrieveBook(BookController.java:38)
	at org.anthony.library.Menu$MenuEntry.HandleRequest(Menu.java:131)
	at org.anthony.library.Menu.PromptMenu(Menu.java:336)
	at org.anthony.library.Application.main(Application.java:51)
2025-12-17 15:42:44.040 [main] ERROR o.anthony.library.util.LibraryLogger - An error occured
java.util.NoSuchElementException: No value present
	at java.base/java.util.Optional.get(Optional.java:143)
	at org.anthony.library.Menu$MenuEntry.HandleRequest(Menu.java:131)
	at org.anthony.library.Menu.PromptMenu(Menu.java:336)
	at org.anthony.library.Application.main(Application.java:51)
2025-12-17 15:45:19.021 [main] ERROR o.anthony.library.util.LibraryLogger - An error occured
java.util.NoSuchElementException: No value present
	at java.base/java.util.Optional.get(Optional.java:143)
	at org.anthony.library.service_layer.service.BookService.ObtainBookByIsbn(BookService.java:140)
	at org.anthony.library.BookController.BorrowBook(BookController.java:43)
	at org.anthony.library.Menu.PromptBook(Menu.java:283)
	at org.anthony.library.Menu$MenuEntry.HandleRequest(Menu.java:132)
	at org.anthony.library.Menu.PromptMenu(Menu.java:336)
	at org.anthony.library.Application.main(Application.java:51)
2025-12-17 15:47:36.895 [main] ERROR o.anthony.library.util.LibraryLogger - An error occured
org.postgresql.util.PSQLException: ERROR: column "fine" of relation "borrows" does not exist
  Position: 73
	at org.postgresql.core.v3.QueryExecutorImpl.receiveErrorResponse(QueryExecutorImpl.java:2736)
	at org.postgresql.core.v3.QueryExecutorImpl.processResults(QueryExecutorImpl.java:2421)
	at org.postgresql.core.v3.QueryExecutorImpl.execute(QueryExecutorImpl.java:372)
	at org.postgresql.jdbc.PgStatement.executeInternal(PgStatement.java:525)
	at org.postgresql.jdbc.PgStatement.execute(PgStatement.java:435)
	at org.postgresql.jdbc.PgPreparedStatement.executeWithFlags(PgPreparedStatement.java:196)
	at org.postgresql.jdbc.PgPreparedStatement.executeQuery(PgPreparedStatement.java:139)
	at org.anthony.library.repository.dao.BorrowDao.Create(BorrowDao.java:52)
	at org.anthony.library.service_layer.service.BorrowService.AddBorrow(BorrowService.java:53)
	at org.anthony.library.BookController.BorrowBook(BookController.java:55)
	at org.anthony.library.Menu.PromptBook(Menu.java:283)
	at org.anthony.library.Menu$MenuEntry.HandleRequest(Menu.java:132)
	at org.anthony.library.Menu.PromptMenu(Menu.java:336)
	at org.anthony.library.Application.main(Application.java:51)
2025-12-17 15:47:36.899 [main] ERROR o.anthony.library.util.LibraryLogger - An error occured
java.lang.NullPointerException: Cannot invoke "java.lang.Integer.intValue()" because the return value of "org.anthony.library.repository.dao.BorrowDao.Create(org.anthony.library.repository.entity.BorrowEntity)" is null
	at org.anthony.library.service_layer.service.BorrowService.AddBorrow(BorrowService.java:53)
	at org.anthony.library.BookController.BorrowBook(BookController.java:55)
	at org.anthony.library.Menu.PromptBook(Menu.java:283)
	at org.anthony.library.Menu$MenuEntry.HandleRequest(Menu.java:132)
	at org.anthony.library.Menu.PromptMenu(Menu.java:336)
	at org.anthony.library.Application.main(Application.java:51)
2025-12-17 15:48:19.741 [main] ERROR o.anthony.library.util.LibraryLogger - An error occured
org.postgresql.util.PSQLException: ERROR: column "id" does not exist
  Position: 106
	at org.postgresql.core.v3.QueryExecutorImpl.receiveErrorResponse(QueryExecutorImpl.java:2736)
	at org.postgresql.core.v3.QueryExecutorImpl.processResults(QueryExecutorImpl.java:2421)
	at org.postgresql.core.v3.QueryExecutorImpl.execute(QueryExecutorImpl.java:372)
	at org.postgresql.jdbc.PgStatement.executeInternal(PgStatement.java:525)
	at org.postgresql.jdbc.PgStatement.execute(PgStatement.java:435)
	at org.postgresql.jdbc.PgPreparedStatement.executeWithFlags(PgPreparedStatement.java:196)
	at org.postgresql.jdbc.PgPreparedStatement.executeQuery(PgPreparedStatement.java:139)
	at org.anthony.library.repository.dao.BorrowDao.Create(BorrowDao.java:52)
	at org.anthony.library.service_layer.service.BorrowService.AddBorrow(BorrowService.java:53)
	at org.anthony.library.BookController.BorrowBook(BookController.java:55)
	at org.anthony.library.Menu.PromptBook(Menu.java:283)
	at org.anthony.library.Menu$MenuEntry.HandleRequest(Menu.java:132)
	at org.anthony.library.Menu.PromptMenu(Menu.java:336)
	at org.anthony.library.Application.main(Application.java:51)
2025-12-17 15:48:19.743 [main] ERROR o.anthony.library.util.LibraryLogger - An error occured
java.lang.NullPointerException: Cannot invoke "java.lang.Integer.intValue()" because the return value of "org.anthony.library.repository.dao.BorrowDao.Create(org.anthony.library.repository.entity.BorrowEntity)" is null
	at org.anthony.library.service_layer.service.BorrowService.AddBorrow(BorrowService.java:53)
	at org.anthony.library.BookController.BorrowBook(BookController.java:55)
	at org.anthony.library.Menu.PromptBook(Menu.java:283)
	at org.anthony.library.Menu$MenuEntry.HandleRequest(Menu.java:132)
	at org.anthony.library.Menu.PromptMenu(Menu.java:336)
	at org.anthony.library.Application.main(Application.java:51)
2025-12-17 15:49:30.235 [main] INFO  o.anthony.library.util.LibraryLogger - Inserted Borrow %d
