2025-12-12 09:38:07.863 [main] DEBUG o.anthony.library.util.LibraryLogger - Debug Message - for debugging
2025-12-12 09:38:07.865 [main] INFO  o.anthony.library.util.LibraryLogger - Info Message - general information
2025-12-12 09:38:07.866 [main] WARN  o.anthony.library.util.LibraryLogger - Warning Message - Potential Problem
2025-12-12 09:38:07.866 [main] ERROR o.anthony.library.util.LibraryLogger - Error message - Something went wrong
2025-12-12 09:47:10.190 [main] DEBUG o.anthony.library.util.LibraryLogger - Debug Message - for debugging
2025-12-12 09:47:10.194 [main] INFO  o.anthony.library.util.LibraryLogger - Info Message - general information
2025-12-12 09:47:10.195 [main] WARN  o.anthony.library.util.LibraryLogger - Warning Message - Potential Problem
2025-12-12 09:47:10.195 [main] ERROR o.anthony.library.util.LibraryLogger - Error message - Something went wrong
2025-12-12 09:47:10.197 [main] ERROR o.anthony.library.util.LibraryLogger - test
java.lang.Exception: test
	at Demo.main(Demo.java:27)
2025-12-12 09:53:12.947 [main] DEBUG o.anthony.library.util.LibraryLogger - Debug Message - for debugging
2025-12-12 09:53:12.948 [main] INFO  o.anthony.library.util.LibraryLogger - Info Message - general information
2025-12-12 09:53:12.949 [main] WARN  o.anthony.library.util.LibraryLogger - Warning Message - Potential Problem
2025-12-12 09:53:12.949 [main] ERROR o.anthony.library.util.LibraryLogger - Error message - Something went wrong
2025-12-12 09:53:12.951 [main] ERROR o.anthony.library.util.LibraryLogger - An error occured
java.lang.Exception: test
	at Demo.main(Demo.java:27)
2025-12-12 11:31:24.069 [main] ERROR o.anthony.library.util.LibraryLogger - An error occured
org.postgresql.util.PSQLException: ERROR: relation "categories" does not exist
  Position: 15
	at org.postgresql.core.v3.QueryExecutorImpl.receiveErrorResponse(QueryExecutorImpl.java:2736)
	at org.postgresql.core.v3.QueryExecutorImpl.processResults(QueryExecutorImpl.java:2421)
	at org.postgresql.core.v3.QueryExecutorImpl.execute(QueryExecutorImpl.java:372)
	at org.postgresql.jdbc.PgStatement.executeInternal(PgStatement.java:525)
	at org.postgresql.jdbc.PgStatement.execute(PgStatement.java:435)
	at org.postgresql.jdbc.PgPreparedStatement.executeWithFlags(PgPreparedStatement.java:196)
	at org.postgresql.jdbc.PgPreparedStatement.executeQuery(PgPreparedStatement.java:139)
	at org.anthony.library.repository.dao.CategoryDao.findAll(CategoryDao.java:90)
	at Demo.main(Demo.java:22)
2025-12-12 11:31:47.812 [main] ERROR o.anthony.library.util.LibraryLogger - An error occured
org.postgresql.util.PSQLException: ERROR: relation "categories" does not exist
  Position: 15
	at org.postgresql.core.v3.QueryExecutorImpl.receiveErrorResponse(QueryExecutorImpl.java:2736)
	at org.postgresql.core.v3.QueryExecutorImpl.processResults(QueryExecutorImpl.java:2421)
	at org.postgresql.core.v3.QueryExecutorImpl.execute(QueryExecutorImpl.java:372)
	at org.postgresql.jdbc.PgStatement.executeInternal(PgStatement.java:525)
	at org.postgresql.jdbc.PgStatement.execute(PgStatement.java:435)
	at org.postgresql.jdbc.PgPreparedStatement.executeWithFlags(PgPreparedStatement.java:196)
	at org.postgresql.jdbc.PgPreparedStatement.executeQuery(PgPreparedStatement.java:139)
	at org.anthony.library.repository.dao.CategoryDao.findAll(CategoryDao.java:90)
	at Demo.main(Demo.java:22)
2025-12-12 11:35:03.730 [main] ERROR o.anthony.library.util.LibraryLogger - An error occured
org.postgresql.util.PSQLException: ERROR: relation "categories" does not exist
  Position: 15
	at org.postgresql.core.v3.QueryExecutorImpl.receiveErrorResponse(QueryExecutorImpl.java:2736)
	at org.postgresql.core.v3.QueryExecutorImpl.processResults(QueryExecutorImpl.java:2421)
	at org.postgresql.core.v3.QueryExecutorImpl.execute(QueryExecutorImpl.java:372)
	at org.postgresql.jdbc.PgStatement.executeInternal(PgStatement.java:525)
	at org.postgresql.jdbc.PgStatement.execute(PgStatement.java:435)
	at org.postgresql.jdbc.PgPreparedStatement.executeWithFlags(PgPreparedStatement.java:196)
	at org.postgresql.jdbc.PgPreparedStatement.executeQuery(PgPreparedStatement.java:139)
	at org.anthony.library.repository.dao.CategoryDao.findAll(CategoryDao.java:90)
	at Demo.main(Demo.java:22)
